torch 2.11.0+cu128 | CUDA 可用: True | NVIDIA GeForce RTX 4060 Laptop GPU
fit 12000 正常 | test 2000 正常 | 111 攻击 | 22 真未知

v0 拟合耗时 140s

[v0 规则版]
  整体                   AUROC = 0.802
  flash_loan           AUROC = 0.993
  phishing             AUROC = 0.634
  ponzi                AUROC = 0.583
  price_manipulation   AUROC = 0.995
  rug_pull             AUROC = 0.935
  sandwich             AUROC = 0.758
  D_open真未知            AUROC = 0.929

v1 训练+拟合耗时 298s

[v1 学习版]
  整体                   AUROC = 0.802
  flash_loan           AUROC = 0.992
  phishing             AUROC = 0.650
  ponzi                AUROC = 0.546
  price_manipulation   AUROC = 0.995
  rug_pull             AUROC = 0.960
  sandwich             AUROC = 0.753
  D_open真未知            AUROC = 0.936

=== v0 vs v1 对比（Δ>0 表示 v1 更优）===
  整体                   v0=0.802  v1=0.802  Δ=-0.000
  flash_loan           v0=0.993  v1=0.992  Δ=-0.001
  phishing             v0=0.634  v1=0.650  Δ=+0.016
  ponzi                v0=0.583  v1=0.546  Δ=-0.037
  price_manipulation   v0=0.995  v1=0.995  Δ=-0.001
  rug_pull             v0=0.935  v1=0.960  Δ=+0.025
  sandwich             v0=0.758  v1=0.753  Δ=-0.005
  D_open真未知            v0=0.929  v1=0.936  Δ=+0.007
